load --table Site
[
{"_key":"http://example.org/", "title":"example org"}
]
[[0,0.0,0.0],1]
