table_create Memos TABLE_HASH_KEY ShortText
[[0,0.0,0.0],true]
column_create Memos tags COLUMN_VECTOR|WITH_WEIGHT ShortText
[[0,0.0,0.0],true]
load --table Memos
[
{
  "_key": "Groonga is fast",
  "tags": [
    {"groonga": 100},
    {"mroonga": 200}
  ]
}
]
[[0,0.0,0.0],1]
